[www.wordscribe.org/index.html]
[backblue.gif]
[fade.gif]
[index.html]
[www.wordscribe.org/siteec92.css]
[img4.wsimg.com/starfield/duel/v2.5.8/duel35bd.js]
[www.wordscribe.org/about.html]
[www.wordscribe.org/home.html]
[www.wordscribe.org/about-wordscribe.html]
[www.wordscribe.org/team.html]
[www.wordscribe.org/partners.html]
[www.wordscribe.org/apply2.html]
[www.wordscribe.org/projects.html]
[www.wordscribe.org/ongoing-projects.html]
[www.wordscribe.org/active-authors.html]
[www.wordscribe.org/contact.html]
[img1.wsimg.com/tcc/tcc_l.combined.1.0.5.min.js]
[www.wordscribe.org/index.html]
[img4.wsimg.com/wst/v7/WSB7_J_20170223_0628_WSB-16347_9966/v2/images/wsb-slideshow-nav-arrows-sprt.png]
[www.wordscribe.org/siteec92.css]
[img4.wsimg.com/starfield/duel/v2.5.8/duel35bd.js]
[www.wordscribe.org/about.html]
[www.wordscribe.org/home.html]
[www.wordscribe.org/about-wordscribe.html]
[www.wordscribe.org/team.html]
[www.wordscribe.org/partners.html]
[www.wordscribe.org/apply2.html]
[www.wordscribe.org/projects.html]
[www.wordscribe.org/ongoing-projects.html]
[www.wordscribe.org/active-authors.html]
[www.wordscribe.org/contact.html]
[img1.wsimg.com/tcc/tcc_l.combined.1.0.5.min.js]
[www.wordscribe.org/css!starfield/sf.core.html]
